###############################################################################
#
# IAR ELF Linker V8.50.1.245/W32 for ARM                  28/Nov/2025  14:26:31
# Copyright 2007-2020 IAR Systems AB.
#
#    Output file  =
#        U:\CEGEP2\Projet-Final\Session 5\ProjetFinale-Session5\STM
#        (CAN-UART)\EWARM\GestionDeTransport\Exe\GestionDeTransport.out
#    Map file     =
#        U:\CEGEP2\Projet-Final\Session 5\ProjetFinale-Session5\STM
#        (CAN-UART)\EWARM\GestionDeTransport\List\GestionDeTransport.map
#    Command line =
#        -f C:\Users\2350604\AppData\Local\Temp\EW2ADE.tmp
#        ("U:\CEGEP2\Projet-Final\Session 5\ProjetFinale-Session5\STM
#        (CAN-UART)\EWARM\GestionDeTransport\Obj\interfaceS0002.o"
#        "U:\CEGEP2\Projet-Final\Session 5\ProjetFinale-Session5\STM
#        (CAN-UART)\EWARM\GestionDeTransport\Obj\interfaceS0008.o"
#        "U:\CEGEP2\Projet-Final\Session 5\ProjetFinale-Session5\STM
#        (CAN-UART)\EWARM\GestionDeTransport\Obj\interfaceT1.o"
#        "U:\CEGEP2\Projet-Final\Session 5\ProjetFinale-Session5\STM
#        (CAN-UART)\EWARM\GestionDeTransport\Obj\interfaceT2.o"
#        "U:\CEGEP2\Projet-Final\Session 5\ProjetFinale-Session5\STM
#        (CAN-UART)\EWARM\GestionDeTransport\Obj\main.o"
#        "U:\CEGEP2\Projet-Final\Session 5\ProjetFinale-Session5\STM
#        (CAN-UART)\EWARM\GestionDeTransport\Obj\piloteCAN1.o"
#        "U:\CEGEP2\Projet-Final\Session 5\ProjetFinale-Session5\STM
#        (CAN-UART)\EWARM\GestionDeTransport\Obj\piloteIOT1.o"
#        "U:\CEGEP2\Projet-Final\Session 5\ProjetFinale-Session5\STM
#        (CAN-UART)\EWARM\GestionDeTransport\Obj\piloteIOT2.o"
#        "U:\CEGEP2\Projet-Final\Session 5\ProjetFinale-Session5\STM
#        (CAN-UART)\EWARM\GestionDeTransport\Obj\piloteTimer6Up.o"
#        "U:\CEGEP2\Projet-Final\Session 5\ProjetFinale-Session5\STM
#        (CAN-UART)\EWARM\GestionDeTransport\Obj\piloteUSART2.o"
#        "U:\CEGEP2\Projet-Final\Session 5\ProjetFinale-Session5\STM
#        (CAN-UART)\EWARM\GestionDeTransport\Obj\processusClignotant.o"
#        "U:\CEGEP2\Projet-Final\Session 5\ProjetFinale-Session5\STM
#        (CAN-UART)\EWARM\GestionDeTransport\Obj\processusReceptionEtat.o"
#        "U:\CEGEP2\Projet-Final\Session 5\ProjetFinale-Session5\STM
#        (CAN-UART)\EWARM\GestionDeTransport\Obj\serviceBaseDeTemps.o"
#        "U:\CEGEP2\Projet-Final\Session 5\ProjetFinale-Session5\STM
#        (CAN-UART)\EWARM\GestionDeTransport\Obj\serviceProtocole637.o"
#        "U:\CEGEP2\Projet-Final\Session 5\ProjetFinale-Session5\STM
#        (CAN-UART)\EWARM\GestionDeTransport\Obj\startup_stm32f407xx.o"
#        "U:\CEGEP2\Projet-Final\Session 5\ProjetFinale-Session5\STM
#        (CAN-UART)\EWARM\GestionDeTransport\Obj\stm32f4xx_hal.o"
#        "U:\CEGEP2\Projet-Final\Session 5\ProjetFinale-Session5\STM
#        (CAN-UART)\EWARM\GestionDeTransport\Obj\stm32f4xx_hal_can.o"
#        "U:\CEGEP2\Projet-Final\Session 5\ProjetFinale-Session5\STM
#        (CAN-UART)\EWARM\GestionDeTransport\Obj\stm32f4xx_hal_cortex.o"
#        "U:\CEGEP2\Projet-Final\Session 5\ProjetFinale-Session5\STM
#        (CAN-UART)\EWARM\GestionDeTransport\Obj\stm32f4xx_hal_dma.o"
#        "U:\CEGEP2\Projet-Final\Session 5\ProjetFinale-Session5\STM
#        (CAN-UART)\EWARM\GestionDeTransport\Obj\stm32f4xx_hal_dma_ex.o"
#        "U:\CEGEP2\Projet-Final\Session 5\ProjetFinale-Session5\STM
#        (CAN-UART)\EWARM\GestionDeTransport\Obj\stm32f4xx_hal_exti.o"
#        "U:\CEGEP2\Projet-Final\Session 5\ProjetFinale-Session5\STM
#        (CAN-UART)\EWARM\GestionDeTransport\Obj\stm32f4xx_hal_flash.o"
#        "U:\CEGEP2\Projet-Final\Session 5\ProjetFinale-Session5\STM
#        (CAN-UART)\EWARM\GestionDeTransport\Obj\stm32f4xx_hal_flash_ex.o"
#        "U:\CEGEP2\Projet-Final\Session 5\ProjetFinale-Session5\STM
#        (CAN-UART)\EWARM\GestionDeTransport\Obj\stm32f4xx_hal_flash_ramfunc.o"
#        "U:\CEGEP2\Projet-Final\Session 5\ProjetFinale-Session5\STM
#        (CAN-UART)\EWARM\GestionDeTransport\Obj\stm32f4xx_hal_gpio.o"
#        "U:\CEGEP2\Projet-Final\Session 5\ProjetFinale-Session5\STM
#        (CAN-UART)\EWARM\GestionDeTransport\Obj\stm32f4xx_hal_msp.o"
#        "U:\CEGEP2\Projet-Final\Session 5\ProjetFinale-Session5\STM
#        (CAN-UART)\EWARM\GestionDeTransport\Obj\stm32f4xx_hal_pwr.o"
#        "U:\CEGEP2\Projet-Final\Session 5\ProjetFinale-Session5\STM
#        (CAN-UART)\EWARM\GestionDeTransport\Obj\stm32f4xx_hal_pwr_ex.o"
#        "U:\CEGEP2\Projet-Final\Session 5\ProjetFinale-Session5\STM
#        (CAN-UART)\EWARM\GestionDeTransport\Obj\stm32f4xx_hal_rcc.o"
#        "U:\CEGEP2\Projet-Final\Session 5\ProjetFinale-Session5\STM
#        (CAN-UART)\EWARM\GestionDeTransport\Obj\stm32f4xx_hal_rcc_ex.o"
#        "U:\CEGEP2\Projet-Final\Session 5\ProjetFinale-Session5\STM
#        (CAN-UART)\EWARM\GestionDeTransport\Obj\stm32f4xx_hal_tim.o"
#        "U:\CEGEP2\Projet-Final\Session 5\ProjetFinale-Session5\STM
#        (CAN-UART)\EWARM\GestionDeTransport\Obj\stm32f4xx_hal_tim_ex.o"
#        "U:\CEGEP2\Projet-Final\Session 5\ProjetFinale-Session5\STM
#        (CAN-UART)\EWARM\GestionDeTransport\Obj\stm32f4xx_hal_uart.o"
#        "U:\CEGEP2\Projet-Final\Session 5\ProjetFinale-Session5\STM
#        (CAN-UART)\EWARM\GestionDeTransport\Obj\stm32f4xx_it.o"
#        "U:\CEGEP2\Projet-Final\Session 5\ProjetFinale-Session5\STM
#        (CAN-UART)\EWARM\GestionDeTransport\Obj\system_stm32f4xx.o" --redirect
#        _Printf=_PrintfFull --redirect _Scanf=_ScanfFull --no_out_extension -o
#        "U:\CEGEP2\Projet-Final\Session 5\ProjetFinale-Session5\STM
#        (CAN-UART)\EWARM\GestionDeTransport\Exe\GestionDeTransport.out" --map
#        "U:\CEGEP2\Projet-Final\Session 5\ProjetFinale-Session5\STM
#        (CAN-UART)\EWARM\GestionDeTransport\List\GestionDeTransport.map"
#        --config "U:\CEGEP2\Projet-Final\Session 5\ProjetFinale-Session5\STM
#        (CAN-UART)\EWARM/stm32f407xx_flash.icf" --semihosting --entry
#        __iar_program_start --vfe --text_out locale)
#
###############################################################################

*******************************************************************************
*** RUNTIME MODEL ATTRIBUTES
***

CppFlavor       = *
__SystemLibrary = DLib
__dlib_version  = 6


*******************************************************************************
*** HEAP SELECTION
***

The basic heap was selected because no calls to memory allocation
functions were found in the application outside of system library
functions, and there are calls to deallocation functions in the
application.


*******************************************************************************
*** PLACEMENT SUMMARY
***

"A0":  place at address 0x800'0000 { ro section .intvec };
"P1":  place in [from 0x800'0000 to 0x80f'ffff] { ro };
define block CSTACK with size = 1K, alignment = 8 { };
define block HEAP with size = 512, alignment = 8 { };
"P2":  place in [from 0x2000'0000 to 0x2001'ffff] {
          rw, block CSTACK, block HEAP };
initialize by copy { rw };

  Section            Kind         Address    Size  Object
  -------            ----         -------    ----  ------
"A0":                                       0x188
  .intvec            ro code   0x800'0000   0x188  startup_stm32f407xx.o [1]
                             - 0x800'0188   0x188

"P1":                                      0x1f68
  .text              ro code   0x800'0188   0x406  main.o [1]
  .text              ro code   0x800'058e    0x3a  zero_init3.o [4]
  .text              ro code   0x800'05c8    0x28  piloteTimer6Up.o [1]
  .text              ro code   0x800'05f0    0x48  piloteUSART2.o [1]
  .text              ro code   0x800'0638    0x1c  piloteIOT1.o [1]
  .text              ro code   0x800'0654    0x1c  piloteIOT2.o [1]
  .text              ro code   0x800'0670    0x48  serviceBaseDeTemps.o [1]
  .text              ro code   0x800'06b8    0x12  interfaceT1.o [1]
  .text              ro code   0x800'06ca     0xc  interfaceT2.o [1]
  .text              ro code   0x800'06d6    0x2e  copy_init3.o [4]
  .text              ro code   0x800'0704   0x3d0  serviceProtocole637.o [1]
  .text              ro code   0x800'0ad4    0xb0  processusClignotant.o [1]
  .text              ro code   0x800'0b84    0x38  processusReceptionEtat.o [1]
  .text              ro code   0x800'0bbc    0x34  stm32f4xx_hal.o [1]
  .text              ro code   0x800'0bf0    0x14  memset.o [4]
  .text              ro code   0x800'0c04   0x334  stm32f4xx_hal_rcc.o [1]
  .text              ro code   0x800'0f38   0x1c4  stm32f4xx_hal_rcc.o [1]
  .text              ro code   0x800'10fc   0x132  stm32f4xx_hal_can.o [1]
  .text              ro code   0x800'1230   0x2fc  stm32f4xx_hal_tim.o [1]
  .text              ro code   0x800'152c    0x90  stm32f4xx_hal_tim_ex.o [1]
  .text              ro code   0x800'15bc   0x138  stm32f4xx_hal_uart.o [1]
  .text              ro code   0x800'16f4   0x1ec  stm32f4xx_hal_gpio.o [1]
  .text              ro code   0x800'18e0    0xf0  stm32f4xx_hal_cortex.o [1]
  .text              ro code   0x800'19d0    0x48  stm32f4xx_hal.o [1]
  .text              ro code   0x800'1a18   0x158  stm32f4xx_hal_msp.o [1]
  .text              ro code   0x800'1b70    0x66  ABImemset.o [4]
  .text              ro code   0x800'1bd8     0xc  stm32f4xx_hal.o [1]
  .text              ro code   0x800'1be4   0x230  I64DivMod.o [4]
  .text              ro code   0x800'1e14     0x2  stm32f4xx_hal_tim.o [1]
  .text              ro code   0x800'1e16     0x2  stm32f4xx_hal_tim.o [1]
  .text              ro code   0x800'1e18     0x2  stm32f4xx_hal_tim.o [1]
  .text              ro code   0x800'1e1a     0x2  stm32f4xx_hal_tim_ex.o [1]
  .text              ro code   0x800'1e1c     0x2  stm32f4xx_hal_tim.o [1]
  .text              ro code   0x800'1e1e     0x2  stm32f4xx_hal_tim_ex.o [1]
  .text              ro code   0x800'1e20     0x2  I64DivZer.o [4]
  .text              ro code   0x800'1e24    0x60  system_stm32f4xx.o [1]
  .text              ro code   0x800'1e84    0x28  data_init.o [4]
  .text              ro code   0x800'1eac    0x22  fpinit_M.o [3]
  .iar.init_table    const     0x800'1ed0    0x24  - Linker created -
  .text              ro code   0x800'1ef4    0x1e  cmain.o [4]
  .text              ro code   0x800'1f12     0x4  low_level_init.o [2]
  .text              ro code   0x800'1f16     0x4  exit.o [2]
  .text              ro code   0x800'1f1c     0xa  cexit.o [4]
  .text              ro code   0x800'1f28    0x14  exit.o [5]
  .text              ro code   0x800'1f3c    0x10  startup_stm32f407xx.o [1]
  .text              ro code   0x800'1f4c    0x10  stm32f4xx_hal.o [1]
  .text              ro code   0x800'1f5c    0x10  stm32f4xx_it.o [1]
  Initializer bytes  const     0x800'1f6c    0x10  <for P2-1>
  .text              ro code   0x800'1f7c     0xc  cstartup_M.o [4]
  .rodata            const     0x800'1f88     0x8  system_stm32f4xx.o [1]
  .text              ro code   0x800'1f90     0x4  startup_stm32f407xx.o [1]
  .text              ro code   0x800'1f94     0x4  startup_stm32f407xx.o [1]
  .text              ro code   0x800'1f98     0x4  startup_stm32f407xx.o [1]
  .text              ro code   0x800'1f9c     0x4  startup_stm32f407xx.o [1]
  .text              ro code   0x800'1fa0     0x4  startup_stm32f407xx.o [1]
  .text              ro code   0x800'1fa4     0x4  startup_stm32f407xx.o [1]
  .text              ro code   0x800'1fa8     0x4  startup_stm32f407xx.o [1]
  .text              ro code   0x800'1fac     0x4  startup_stm32f407xx.o [1]
  .text              ro code   0x800'1fb0     0x4  startup_stm32f407xx.o [1]
  .text              ro code   0x800'1fb4     0x4  startup_stm32f407xx.o [1]
  .text              ro code   0x800'1fb8     0x4  startup_stm32f407xx.o [1]
  .text              ro code   0x800'1fbc     0x4  startup_stm32f407xx.o [1]
  .text              ro code   0x800'1fc0     0x4  startup_stm32f407xx.o [1]
  .text              ro code   0x800'1fc4     0x4  startup_stm32f407xx.o [1]
  .text              ro code   0x800'1fc8     0x4  startup_stm32f407xx.o [1]
  .text              ro code   0x800'1fcc     0x4  startup_stm32f407xx.o [1]
  .text              ro code   0x800'1fd0     0x4  startup_stm32f407xx.o [1]
  .text              ro code   0x800'1fd4     0x4  startup_stm32f407xx.o [1]
  .text              ro code   0x800'1fd8     0x4  startup_stm32f407xx.o [1]
  .text              ro code   0x800'1fdc     0x4  startup_stm32f407xx.o [1]
  .text              ro code   0x800'1fe0     0x4  startup_stm32f407xx.o [1]
  .text              ro code   0x800'1fe4     0x4  startup_stm32f407xx.o [1]
  .text              ro code   0x800'1fe8     0x4  startup_stm32f407xx.o [1]
  .text              ro code   0x800'1fec     0x4  startup_stm32f407xx.o [1]
  .text              ro code   0x800'1ff0     0x4  startup_stm32f407xx.o [1]
  .text              ro code   0x800'1ff4     0x4  startup_stm32f407xx.o [1]
  .text              ro code   0x800'1ff8     0x4  startup_stm32f407xx.o [1]
  .text              ro code   0x800'1ffc     0x4  startup_stm32f407xx.o [1]
  .text              ro code   0x800'2000     0x4  startup_stm32f407xx.o [1]
  .text              ro code   0x800'2004     0x4  startup_stm32f407xx.o [1]
  .text              ro code   0x800'2008     0x4  startup_stm32f407xx.o [1]
  .text              ro code   0x800'200c     0x4  startup_stm32f407xx.o [1]
  .text              ro code   0x800'2010     0x4  startup_stm32f407xx.o [1]
  .text              ro code   0x800'2014     0x4  startup_stm32f407xx.o [1]
  .text              ro code   0x800'2018     0x4  startup_stm32f407xx.o [1]
  .text              ro code   0x800'201c     0x4  startup_stm32f407xx.o [1]
  .text              ro code   0x800'2020     0x4  startup_stm32f407xx.o [1]
  .text              ro code   0x800'2024     0x4  startup_stm32f407xx.o [1]
  .text              ro code   0x800'2028     0x4  startup_stm32f407xx.o [1]
  .text              ro code   0x800'202c     0x4  startup_stm32f407xx.o [1]
  .text              ro code   0x800'2030     0x4  startup_stm32f407xx.o [1]
  .text              ro code   0x800'2034     0x4  startup_stm32f407xx.o [1]
  .text              ro code   0x800'2038     0x4  startup_stm32f407xx.o [1]
  .text              ro code   0x800'203c     0x4  startup_stm32f407xx.o [1]
  .text              ro code   0x800'2040     0x4  startup_stm32f407xx.o [1]
  .text              ro code   0x800'2044     0x4  startup_stm32f407xx.o [1]
  .text              ro code   0x800'2048     0x4  startup_stm32f407xx.o [1]
  .text              ro code   0x800'204c     0x4  startup_stm32f407xx.o [1]
  .text              ro code   0x800'2050     0x4  startup_stm32f407xx.o [1]
  .text              ro code   0x800'2054     0x4  startup_stm32f407xx.o [1]
  .text              ro code   0x800'2058     0x4  startup_stm32f407xx.o [1]
  .text              ro code   0x800'205c     0x4  startup_stm32f407xx.o [1]
  .text              ro code   0x800'2060     0x4  startup_stm32f407xx.o [1]
  .text              ro code   0x800'2064     0x4  startup_stm32f407xx.o [1]
  .text              ro code   0x800'2068     0x4  startup_stm32f407xx.o [1]
  .text              ro code   0x800'206c     0x4  startup_stm32f407xx.o [1]
  .text              ro code   0x800'2070     0x4  startup_stm32f407xx.o [1]
  .text              ro code   0x800'2074     0x4  startup_stm32f407xx.o [1]
  .text              ro code   0x800'2078     0x4  startup_stm32f407xx.o [1]
  .text              ro code   0x800'207c     0x4  startup_stm32f407xx.o [1]
  .text              ro code   0x800'2080     0x4  startup_stm32f407xx.o [1]
  .text              ro code   0x800'2084     0x4  startup_stm32f407xx.o [1]
  .text              ro code   0x800'2088     0x4  startup_stm32f407xx.o [1]
  .text              ro code   0x800'208c     0x4  startup_stm32f407xx.o [1]
  .text              ro code   0x800'2090     0x4  startup_stm32f407xx.o [1]
  .text              ro code   0x800'2094     0x4  startup_stm32f407xx.o [1]
  .text              ro code   0x800'2098     0x4  startup_stm32f407xx.o [1]
  .text              ro code   0x800'209c     0x4  startup_stm32f407xx.o [1]
  .text              ro code   0x800'20a0     0x4  startup_stm32f407xx.o [1]
  .text              ro code   0x800'20a4     0x4  startup_stm32f407xx.o [1]
  .text              ro code   0x800'20a8     0x4  startup_stm32f407xx.o [1]
  .text              ro code   0x800'20ac     0x4  startup_stm32f407xx.o [1]
  .text              ro code   0x800'20b0     0x4  startup_stm32f407xx.o [1]
  .text              ro code   0x800'20b4     0x4  startup_stm32f407xx.o [1]
  .text              ro code   0x800'20b8     0x4  startup_stm32f407xx.o [1]
  .text              ro code   0x800'20bc     0x4  startup_stm32f407xx.o [1]
  .text              ro code   0x800'20c0     0x4  startup_stm32f407xx.o [1]
  .text              ro code   0x800'20c4     0x4  startup_stm32f407xx.o [1]
  .text              ro code   0x800'20c8     0x4  startup_stm32f407xx.o [1]
  .text              ro code   0x800'20cc     0x4  startup_stm32f407xx.o [1]
  .text              ro code   0x800'20d0     0x4  startup_stm32f407xx.o [1]
  .text              ro code   0x800'20d4     0x4  startup_stm32f407xx.o [1]
  .text              ro code   0x800'20d8     0x4  startup_stm32f407xx.o [1]
  .text              ro code   0x800'20dc     0x4  startup_stm32f407xx.o [1]
  .text              ro code   0x800'20e0     0x4  startup_stm32f407xx.o [1]
  .text              ro code   0x800'20e4     0x4  startup_stm32f407xx.o [1]
  .text              ro code   0x800'20e8     0x4  startup_stm32f407xx.o [1]
  .text              ro code   0x800'20ec     0x4  startup_stm32f407xx.o [1]
  .rodata            const     0x800'20f0     0x0  zero_init3.o [4]
  .rodata            const     0x800'20f0     0x0  copy_init3.o [4]
                             - 0x800'20f0  0x1f68

"P2", part 1 of 3:                           0x10
  P2-1                        0x2000'0000    0x10  <Init block>
    .data            inited   0x2000'0000     0xc  stm32f4xx_hal.o [1]
    .data            inited   0x2000'000c     0x4  system_stm32f4xx.o [1]
                            - 0x2000'0010    0x10

"P2", part 2 of 3:                          0x114
  .bss               zero     0x2000'0010    0x48  main.o [1]
  .bss               zero     0x2000'0058    0x48  main.o [1]
  .bss               zero     0x2000'00a0    0x28  main.o [1]
  .bss               zero     0x2000'00c8    0x28  serviceProtocole637.o [1]
  .bss               zero     0x2000'00f0    0x24  serviceBaseDeTemps.o [1]
  .bss               zero     0x2000'0114     0x4  piloteTimer6Up.o [1]
  .bss               zero     0x2000'0118     0x4  processusClignotant.o [1]
  .bss               zero     0x2000'011c     0x4  serviceProtocole637.o [1]
  .bss               zero     0x2000'0120     0x2  serviceProtocole637.o [1]
  .bss               zero     0x2000'0122     0x2  serviceProtocole637.o [1]
                            - 0x2000'0124   0x114

"P2", part 3 of 3:                          0x400
  CSTACK                      0x2000'0128   0x400  <Block>
    CSTACK           uninit   0x2000'0128   0x400  <Block tail>
                            - 0x2000'0528   0x400

Unused ranges:

         From           To      Size
         ----           --      ----
   0x800'20f0   0x80f'ffff  0xf'df10
  0x2000'0124  0x2000'0127       0x4
  0x2000'0528  0x2001'ffff  0x1'fad8


*******************************************************************************
*** INIT TABLE
***

          Address      Size
          -------      ----
Zero (__iar_zero_init3)
    1 destination range, total size 0x114:
          0x2000'0010  0x114

Copy (__iar_copy_init3)
    1 source range, total size 0x10:
           0x800'1f6c   0x10
    1 destination range, total size 0x10:
          0x2000'0000   0x10



*******************************************************************************
*** MODULE SUMMARY
***

    Module                    ro code  ro data  rw data
    ------                    -------  -------  -------
command line/config:
    ---------------------------------------------------
    Total:

U:\CEGEP2\Projet-Final\Session 5\ProjetFinale-Session5\STM (CAN-UART)\EWARM\GestionDeTransport\Obj: [1]
    interfaceT1.o                  18
    interfaceT2.o                  12
    main.o                      1'030               184
    piloteIOT1.o                   28
    piloteIOT2.o                   28
    piloteTimer6Up.o               40                 4
    piloteUSART2.o                 72
    processusClignotant.o         176                 4
    processusReceptionEtat.o       56
    serviceBaseDeTemps.o           72                36
    serviceProtocole637.o         976                48
    startup_stm32f407xx.o         760
    stm32f4xx_hal.o               152       12       12
    stm32f4xx_hal_can.o           306
    stm32f4xx_hal_cortex.o        240
    stm32f4xx_hal_gpio.o          492
    stm32f4xx_hal_msp.o           344
    stm32f4xx_hal_rcc.o         1'272
    stm32f4xx_hal_tim.o           772
    stm32f4xx_hal_tim_ex.o        148
    stm32f4xx_hal_uart.o          312
    stm32f4xx_it.o                 16
    system_stm32f4xx.o             96       12        4
    ---------------------------------------------------
    Total:                      7'418       24      292

dl7M_tln.a: [2]
    exit.o                          4
    low_level_init.o                4
    ---------------------------------------------------
    Total:                          8

m7M_tls.a: [3]
    fpinit_M.o                     34
    ---------------------------------------------------
    Total:                         34

rt7M_tl.a: [4]
    ABImemset.o                   102
    I64DivMod.o                   560
    I64DivZer.o                     2
    cexit.o                        10
    cmain.o                        30
    copy_init3.o                   46
    cstartup_M.o                   12
    data_init.o                    40
    memset.o                       20
    zero_init3.o                   58
    ---------------------------------------------------
    Total:                        880

shb_l.a: [5]
    exit.o                         20
    ---------------------------------------------------
    Total:                         20

    Gaps                           10        2
    Linker created                          36    1'024
-------------------------------------------------------
    Grand Total:                8'370       62    1'316


*******************************************************************************
*** ENTRY LIST
***

Entry                       Address   Size  Type      Object
-----                       -------   ----  ----      ------
.iar.init_table$$Base    0x800'1ed0          --   Gb  - Linker created -
.iar.init_table$$Limit   0x800'1ef4          --   Gb  - Linker created -
?main                    0x800'1ef5         Code  Gb  cmain.o [4]
AHBPrescTable            0x800'1e74   0x10  Data  Gb  system_stm32f4xx.o [1]
APBPrescTable            0x800'1f88    0x8  Data  Gb  system_stm32f4xx.o [1]
CSTACK$$Base            0x2000'0128          --   Gb  - Linker created -
CSTACK$$Limit           0x2000'0528          --   Gb  - Linker created -
Error_Handler            0x800'058d    0x2  Code  Gb  main.o [1]
HAL_CAN_Init             0x800'10fd  0x132  Code  Gb  stm32f4xx_hal_can.o [1]
HAL_CAN_MspInit          0x800'1a51   0x66  Code  Gb  stm32f4xx_hal_msp.o [1]
HAL_GPIO_Init            0x800'16f5  0x1b2  Code  Gb  stm32f4xx_hal_gpio.o [1]
HAL_GPIO_WritePin        0x800'18a7    0xe  Code  Gb  stm32f4xx_hal_gpio.o [1]
HAL_GetTick              0x800'1bd9    0xc  Code  Wk  stm32f4xx_hal.o [1]
HAL_IncTick              0x800'1f4d   0x10  Code  Wk  stm32f4xx_hal.o [1]
HAL_Init                 0x800'0bbd   0x30  Code  Gb  stm32f4xx_hal.o [1]
HAL_InitTick             0x800'19d1   0x48  Code  Wk  stm32f4xx_hal.o [1]
HAL_MspInit              0x800'1a19   0x38  Code  Gb  stm32f4xx_hal_msp.o [1]
HAL_NVIC_EnableIRQ       0x800'19b3    0x2  Code  Gb  stm32f4xx_hal_cortex.o [1]
HAL_NVIC_SetPriority     0x800'1995   0x1e  Code  Gb  stm32f4xx_hal_cortex.o [1]
HAL_NVIC_SetPriorityGrouping
                         0x800'1993    0x2  Code  Gb  stm32f4xx_hal_cortex.o [1]
HAL_RCC_ClockConfig      0x800'0f39  0x110  Code  Gb  stm32f4xx_hal_rcc.o [1]
HAL_RCC_GetHCLKFreq      0x800'1049    0x6  Code  Gb  stm32f4xx_hal_rcc.o [1]
HAL_RCC_GetPCLK1Freq     0x800'104f   0x16  Code  Gb  stm32f4xx_hal_rcc.o [1]
HAL_RCC_GetPCLK2Freq     0x800'1065   0x16  Code  Gb  stm32f4xx_hal_rcc.o [1]
HAL_RCC_OscConfig        0x800'0c05  0x334  Code  Wk  stm32f4xx_hal_rcc.o [1]
HAL_SYSTICK_Config       0x800'19b5    0x2  Code  Gb  stm32f4xx_hal_cortex.o [1]
HAL_TIMEx_BreakCallback
                         0x800'1e1b    0x2  Code  Wk  stm32f4xx_hal_tim_ex.o [1]
HAL_TIMEx_CommutCallback
                         0x800'1e1f    0x2  Code  Wk  stm32f4xx_hal_tim_ex.o [1]
HAL_TIMEx_MasterConfigSynchronization
                         0x800'152d   0x70  Code  Gb  stm32f4xx_hal_tim_ex.o [1]
HAL_TIM_Base_Init        0x800'1231   0x44  Code  Gb  stm32f4xx_hal_tim.o [1]
HAL_TIM_Base_MspInit     0x800'1ab7   0x38  Code  Gb  stm32f4xx_hal_msp.o [1]
HAL_TIM_Base_Start_IT    0x800'1275   0x7c  Code  Gb  stm32f4xx_hal_tim.o [1]
HAL_TIM_IRQHandler       0x800'130d  0x13a  Code  Gb  stm32f4xx_hal_tim.o [1]
HAL_TIM_PeriodElapsedCallback
                         0x800'05c9    0xe  Code  Gb  piloteTimer6Up.o [1]
HAL_UART_Init            0x800'15bd   0x60  Code  Gb  stm32f4xx_hal_uart.o [1]
HAL_UART_MspInit         0x800'1aef   0x66  Code  Gb  stm32f4xx_hal_msp.o [1]
MX_CAN1_Init             0x800'0283   0x2a  Code  Lc  main.o [1]
MX_GPIO_Init             0x800'0327  0x22c  Code  Lc  main.o [1]
MX_TIM6_Init             0x800'02ad   0x4a  Code  Lc  main.o [1]
MX_USART2_UART_Init      0x800'02f7   0x30  Code  Lc  main.o [1]
NVIC_EncodePriority      0x800'1935   0x36  Code  Lc  stm32f4xx_hal_cortex.o [1]
Region$$Table$$Base      0x800'1ed0          --   Gb  - Linker created -
Region$$Table$$Limit     0x800'1ef4          --   Gb  - Linker created -
SysTick_Config           0x800'196b   0x28  Code  Lc  stm32f4xx_hal_cortex.o [1]
SysTick_Handler          0x800'1f5d    0x4  Code  Gb  stm32f4xx_it.o [1]
SystemClock_Config       0x800'01dd   0xa6  Code  Gb  main.o [1]
SystemCoreClock         0x2000'000c    0x4  Data  Gb  system_stm32f4xx.o [1]
SystemInit               0x800'1e25   0x3a  Code  Gb  system_stm32f4xx.o [1]
TIM6_DAC_IRQHandler      0x800'1f61    0x6  Code  Gb  stm32f4xx_it.o [1]
TIM_Base_SetConfig       0x800'1447   0xb8  Code  Gb  stm32f4xx_hal_tim.o [1]
UART_SetConfig           0x800'161d   0xca  Code  Lc  stm32f4xx_hal_uart.o [1]
__NVIC_EnableIRQ         0x800'1905   0x16  Code  Lc  stm32f4xx_hal_cortex.o [1]
__NVIC_GetPriorityGrouping
                         0x800'18fb    0xa  Code  Lc  stm32f4xx_hal_cortex.o [1]
__NVIC_SetPriority       0x800'191b   0x1a  Code  Lc  stm32f4xx_hal_cortex.o [1]
__NVIC_SetPriorityGrouping
                         0x800'18e1   0x1a  Code  Lc  stm32f4xx_hal_cortex.o [1]
__aeabi_ldiv0            0x800'1e21         Code  Gb  I64DivZer.o [4]
__aeabi_memset           0x800'1b71         Code  Gb  ABImemset.o [4]
__aeabi_uldivmod         0x800'1be5         Code  Gb  I64DivMod.o [4]
__cmain                  0x800'1ef5         Code  Gb  cmain.o [4]
__exit                   0x800'1f29   0x14  Code  Gb  exit.o [5]
__iar_Memset             0x800'1b71         Code  Gb  ABImemset.o [4]
__iar_Memset_word        0x800'1b79         Code  Gb  ABImemset.o [4]
__iar_copy_init3         0x800'06d7   0x2e  Code  Gb  copy_init3.o [4]
__iar_data_init3         0x800'1e85   0x28  Code  Gb  data_init.o [4]
__iar_init_vfp           0x800'1ead         Code  Gb  fpinit_M.o [3]
__iar_program_start      0x800'1f7d         Code  Gb  cstartup_M.o [4]
__iar_zero_init3         0x800'058f   0x3a  Code  Gb  zero_init3.o [4]
__low_level_init         0x800'1f13    0x4  Code  Gb  low_level_init.o [2]
__vector_table           0x800'0000         Data  Gb  startup_stm32f407xx.o [1]
_call_main               0x800'1f01         Code  Gb  cmain.o [4]
_exit                    0x800'1f1d         Code  Gb  cexit.o [4]
_main                    0x800'1f0f         Code  Gb  cmain.o [4]
exit                     0x800'1f17    0x4  Code  Gb  exit.o [2]
hcan1                   0x2000'00a0   0x28  Data  Gb  main.o [1]
htim6                   0x2000'0010   0x48  Data  Gb  main.o [1]
huart2                  0x2000'0058   0x48  Data  Gb  main.o [1]
interfaceT1_allume       0x800'06b9    0x6  Code  Gb  interfaceT1.o [1]
interfaceT1_eteint       0x800'06bf    0x6  Code  Gb  interfaceT1.o [1]
interfaceT1_initialise   0x800'06c5    0x6  Code  Gb  interfaceT1.o [1]
interfaceT2_eteint       0x800'06cb    0x6  Code  Gb  interfaceT2.o [1]
interfaceT2_initialise   0x800'06d1    0x6  Code  Gb  interfaceT2.o [1]
main                     0x800'01b9   0x24  Code  Gb  main.o [1]
main_initialise          0x800'0189   0x2e  Code  Gb  main.o [1]
memset                   0x800'0bf1   0x14  Code  Gb  memset.o [4]
neFaitRien               0x800'01b7    0x2  Code  Gb  main.o [1]
piloteIOT1_initialise    0x800'0645    0xc  Code  Gb  piloteIOT1.o [1]
piloteIOT1_metLaSortieA
                         0x800'0639    0xc  Code  Gb  piloteIOT1.o [1]
piloteIOT2_initialise    0x800'0661    0xc  Code  Gb  piloteIOT2.o [1]
piloteIOT2_metLaSortieA
                         0x800'0655    0xc  Code  Gb  piloteIOT2.o [1]
piloteTimer6Up_execute  0x2000'0114    0x4  Data  Gb  piloteTimer6Up.o [1]
piloteTimer6Up_initialise
                         0x800'05dd    0x8  Code  Gb  piloteTimer6Up.o [1]
piloteTimer6Up_permetLesInterruptions
                         0x800'05d7    0x6  Code  Gb  piloteTimer6Up.o [1]
piloteUSART2_confirmeLaReception
                         0x800'0611    0xc  Code  Gb  piloteUSART2.o [1]
piloteUSART2_initialise
                         0x800'061d   0x14  Code  Gb  piloteUSART2.o [1]
piloteUSART2_litUnOctetRecu
                         0x800'05ff    0xa  Code  Gb  piloteUSART2.o [1]
piloteUSART2_octetDisponible
                         0x800'05f1    0xe  Code  Gb  piloteUSART2.o [1]
piloteUSART2_transmet    0x800'0609    0x8  Code  Gb  piloteUSART2.o [1]
processusClignotant_allumeLongtemps
                         0x800'0b41   0x22  Code  Gb  processusClignotant.o [1]
processusClignotant_allumeUnPeu
                         0x800'0af9   0x24  Code  Gb  processusClignotant.o [1]
processusClignotant_compteur
                        0x2000'0118    0x4  Data  Gb  processusClignotant.o [1]
processusClignotant_eteintLongtemps
                         0x800'0b1d   0x24  Code  Gb  processusClignotant.o [1]
processusClignotant_eteintUnPeu
                         0x800'0ad5   0x24  Code  Gb  processusClignotant.o [1]
processusClignotant_initialise
                         0x800'0b63   0x14  Code  Gb  processusClignotant.o [1]
processusReceptionEtat_gere
                         0x800'0b85   0x1c  Code  Gb  processusReceptionEtat.o [1]
processusReceptionEtat_initialise
                         0x800'0ba1    0xe  Code  Gb  processusReceptionEtat.o [1]
serviceBaseDeTemps_execute
                        0x2000'00f0   0x24  Data  Gb  serviceBaseDeTemps.o [1]
serviceBaseDeTemps_gere
                         0x800'0671   0x1a  Code  Gb  serviceBaseDeTemps.o [1]
serviceBaseDeTemps_initialise
                         0x800'068b   0x1e  Code  Gb  serviceBaseDeTemps.o [1]
serviceProtocole637     0x2000'00c8   0x28  Data  Gb  serviceProtocole637.o [1]
serviceProtocole637_attendLaLongueur
                         0x800'0899   0x66  Code  Gb  serviceProtocole637.o [1]
serviceProtocole637_attendUnChecksum
                         0x800'09d5   0x5c  Code  Gb  serviceProtocole637.o [1]
serviceProtocole637_attendUnDebut
                         0x800'086b   0x2c  Code  Gb  serviceProtocole637.o [1]
serviceProtocole637_attendUnZero
                         0x800'096d   0x66  Code  Gb  serviceProtocole637.o [1]
serviceProtocole637_attendUneDonnee
                         0x800'0901   0x6c  Code  Gb  serviceProtocole637.o [1]
serviceProtocole637_attendUneRequete
                         0x800'0705   0x3c  Code  Gb  serviceProtocole637.o [1]
serviceProtocole637_checksum
                        0x2000'011f    0x1  Data  Gb  serviceProtocole637.o [1]
serviceProtocole637_checksumDeTransmission
                        0x2000'0123    0x1  Data  Gb  serviceProtocole637.o [1]
serviceProtocole637_compteurDeReceptions
                        0x2000'011c    0x1  Data  Gb  serviceProtocole637.o [1]
serviceProtocole637_compteurDeSynchronisationDesReceptions
                        0x2000'0121    0x1  Data  Gb  serviceProtocole637.o [1]
serviceProtocole637_compteurDeSynchronisationDesTransmissions
                        0x2000'0120    0x1  Data  Gb  serviceProtocole637.o [1]
serviceProtocole637_compteurDeTempsDAttente
                        0x2000'011d    0x1  Data  Gb  serviceProtocole637.o [1]
serviceProtocole637_compteurDeTransmissions
                        0x2000'0122    0x1  Data  Gb  serviceProtocole637.o [1]
serviceProtocole637_gereLaSynchronisationDesReceptions
                         0x800'0a31   0x1a  Code  Gb  serviceProtocole637.o [1]
serviceProtocole637_gereLaSynchronisationDesTransmissions
                         0x800'0851   0x1a  Code  Gb  serviceProtocole637.o [1]
serviceProtocole637_gereLeTempsDAttente
                         0x800'0a4b   0x14  Code  Gb  serviceProtocole637.o [1]
serviceProtocole637_gereUneReception
                         0x800'0a5f   0x1e  Code  Gb  serviceProtocole637.o [1]
serviceProtocole637_initialise
                         0x800'0a7d   0x32  Code  Gb  serviceProtocole637.o [1]
serviceProtocole637_reception
                        0x2000'011e    0x1  Data  Gb  serviceProtocole637.o [1]
serviceProtocole637_transmetLaLongueur
                         0x800'0741   0x42  Code  Gb  serviceProtocole637.o [1]
serviceProtocole637_transmetUnChecksum
                         0x800'0831   0x20  Code  Gb  serviceProtocole637.o [1]
serviceProtocole637_transmetUnZero
                         0x800'0801   0x30  Code  Gb  serviceProtocole637.o [1]
serviceProtocole637_transmetUneDonnee
                         0x800'0785   0x7c  Code  Gb  serviceProtocole637.o [1]
uwTick                  0x2000'0004    0x4  Data  Gb  stm32f4xx_hal.o [1]
uwTickFreq              0x2000'0000    0x1  Data  Gb  stm32f4xx_hal.o [1]
uwTickPrio              0x2000'0008    0x4  Data  Gb  stm32f4xx_hal.o [1]


[1] = U:\CEGEP2\Projet-Final\Session 5\ProjetFinale-Session5\STM (CAN-UART)\EWARM\GestionDeTransport\Obj
[2] = dl7M_tln.a
[3] = m7M_tls.a
[4] = rt7M_tl.a
[5] = shb_l.a

  8'370 bytes of readonly  code memory
     62 bytes of readonly  data memory
  1'316 bytes of readwrite data memory

Errors: none
Warnings: none
